{
  "file": "ui/panels/LayersPanel/LayerRow.tsx",
  "classes": [
    "layers-panel__icon-btn",
    "layers-panel__icon-btn--locked",
    "layers-panel__icon-btn--visible",
    "layers-panel__name",
    "layers-panel__name--visible",
    "layers-panel__rename-input",
    "layers-panel__row",
    "layers-panel__row--active"
  ],
  "cssRules": [
    {
      "selector": ".layers-panel__row",
      "file": "ui/panels/LayersPanel/LayerRow.css",
      "declarations": {
        "display": "flex",
        "align-items": "center",
        "gap": "9px",
        "padding": "9px 16px",
        "cursor": "pointer",
        "border-left": "2px solid transparent",
        "background": "transparent"
      }
    },
    {
      "selector": ".layers-panel__row--active",
      "file": "ui/panels/LayersPanel/LayerRow.css",
      "declarations": {
        "border-left-color": "var(--accent)",
        "background": "var(--accent-soft)"
      }
    },
    {
      "selector": ".layers-panel__icon-btn",
      "file": "ui/panels/LayersPanel/LayerRow.css",
      "declarations": {
        "border": "none",
        "background": "transparent",
        "padding": "2px",
        "cursor": "pointer",
        "color": "var(--text-tertiary)"
      }
    },
    {
      "selector": ".layers-panel__icon-btn--visible",
      "file": "ui/panels/LayersPanel/LayerRow.css",
      "declarations": {
        "color": "var(--text-secondary)"
      }
    },
    {
      "selector": ".layers-panel__icon-btn--locked",
      "file": "ui/panels/LayersPanel/LayerRow.css",
      "declarations": {
        "color": "var(--accent)"
      }
    },
    {
      "selector": ".layers-panel__rename-input",
      "file": "ui/panels/LayersPanel/LayerRow.css",
      "declarations": {
        "flex": "1",
        "font-size": "12.5px",
        "background": "var(--bg-panel-2)",
        "border": "1px solid var(--border)",
        "border-radius": "4px",
        "color": "var(--text-primary)",
        "padding": "2px 4px"
      }
    },
    {
      "selector": ".layers-panel__name",
      "file": "ui/panels/LayersPanel/LayerRow.css",
      "declarations": {
        "flex": "1",
        "font-size": "12.5px",
        "color": "var(--text-tertiary)"
      }
    },
    {
      "selector": ".layers-panel__name--visible",
      "file": "ui/panels/LayersPanel/LayerRow.css",
      "declarations": {
        "color": "var(--text-primary)"
      }
    }
  ],
  "inlineStyleBlocks": []
}