{
  "file": "ui/canvas/PlaybackCanvas.tsx",
  "classes": [
    "playback-canvas"
  ],
  "cssRules": [
    {
      "selector": ".playback-canvas",
      "file": "ui/canvas/PlaybackCanvas.css",
      "declarations": {
        "flex": "1",
        "display": "flex",
        "align-items": "center",
        "justify-content": "center",
        "background": "var(--bg-canvas)"
      }
    }
  ],
  "inlineStyleBlocks": []
}