{
  "file": "ui/panels/GeneratorPanel/GeneratorPanel.tsx",
  "classes": [
    "btn",
    "btn-active",
    "generator-panel",
    "generator-panel__action-btn",
    "generator-panel__actions",
    "generator-panel__live-hint",
    "generator-panel__params-box",
    "generator-panel__sub-item",
    "generator-panel__sub-item--separated",
    "generator-panel__toggle-label",
    "generator-panel__toggle-label--bold"
  ],
  "cssRules": [
    {
      "selector": ".generator-panel",
      "file": "ui/panels/GeneratorPanel/GeneratorPanel.css",
      "declarations": {
        "display": "flex",
        "flex-direction": "column",
        "gap": "16px"
      }
    },
    {
      "selector": ".generator-panel__params-box",
      "file": "ui/panels/GeneratorPanel/GeneratorPanel.css",
      "declarations": {
        "display": "flex",
        "flex-direction": "column",
        "gap": "8px",
        "background": "var(--bg-app)",
        "border": "1px solid var(--border)",
        "border-radius": "var(--radius-md)",
        "padding": "10px"
      }
    },
    {
      "selector": ".generator-panel__sub-item",
      "file": "ui/panels/GeneratorPanel/GeneratorPanel.css",
      "declarations": {
        "display": "flex",
        "flex-direction": "column",
        "gap": "6px"
      }
    },
    {
      "selector": ".generator-panel__sub-item--separated",
      "file": "ui/panels/GeneratorPanel/GeneratorPanel.css",
      "declarations": {
        "padding-top": "8px",
        "border-top": "1px solid var(--border)"
      }
    },
    {
      "selector": ".generator-panel__toggle-label",
      "file": "ui/panels/GeneratorPanel/GeneratorPanel.css",
      "declarations": {
        "display": "flex",
        "align-items": "center",
        "gap": "6px",
        "font-size": "11.5px",
        "color": "var(--text-secondary)"
      }
    },
    {
      "selector": ".generator-panel__toggle-label--bold",
      "file": "ui/panels/GeneratorPanel/GeneratorPanel.css",
      "declarations": {
        "font-weight": "600"
      }
    },
    {
      "selector": ".generator-panel__actions",
      "file": "ui/panels/GeneratorPanel/GeneratorPanel.css",
      "declarations": {
        "display": "flex",
        "flex-direction": "column",
        "gap": "8px"
      }
    },
    {
      "selector": ".generator-panel__action-btn",
      "file": "ui/panels/GeneratorPanel/GeneratorPanel.css",
      "declarations": {
        "width": "100%",
        "justify-content": "center",
        "border-radius": "var(--radius-sm)",
        "padding": "9px 4px",
        "font-size": "12px",
        "font-weight": "700"
      }
    },
    {
      "selector": ".generator-panel__live-hint",
      "file": "ui/panels/GeneratorPanel/GeneratorPanel.css",
      "declarations": {
        "font-size": "10.5px",
        "color": "var(--text-tertiary)",
        "text-align": "center"
      }
    },
    {
      "selector": ".btn",
      "file": "ui/theme.css",
      "declarations": {
        "border": "1px solid var(--border)",
        "background": "var(--bg-panel-2)",
        "color": "var(--text-secondary)",
        "cursor": "pointer",
        "display": "flex",
        "align-items": "center",
        "transition": "background 120ms ease,\n    color 120ms ease,\n    border-color 120ms ease"
      }
    },
    {
      "selector": ".btn-active",
      "file": "ui/theme.css",
      "declarations": {
        "background": "var(--accent-soft)",
        "color": "var(--accent)",
        "border-color": "var(--accent)"
      }
    }
  ],
  "inlineStyleBlocks": []
}