{
  "file": "ui/panels/ThreadPropertiesPanel/ParabolicSettingsBox.tsx",
  "classes": [
    "thread-properties-panel__box",
    "thread-properties-panel__section-title"
  ],
  "cssRules": [
    {
      "selector": ".thread-properties-panel__section-title",
      "file": "ui/panels/ThreadPropertiesPanel/ThreadPropertiesPanel.css",
      "declarations": {
        "font-size": "11px",
        "font-weight": "700",
        "letter-spacing": "0.06em",
        "color": "var(--text-tertiary)",
        "text-transform": "uppercase"
      }
    },
    {
      "selector": ".thread-properties-panel__box",
      "file": "ui/panels/ThreadPropertiesPanel/ThreadPropertiesPanel.css",
      "declarations": {
        "display": "flex",
        "flex-direction": "column",
        "gap": "8px",
        "border": "1px solid var(--border)",
        "border-radius": "var(--radius-md)",
        "padding": "10px",
        "margin-top": "4px"
      }
    }
  ],
  "inlineStyleBlocks": []
}