{
  "file": "ui/panels/ThreadPropertiesPanel/RepeatSettingsBox.tsx",
  "classes": [
    "mono",
    "thread-properties-panel__box",
    "thread-properties-panel__number-input",
    "thread-properties-panel__row",
    "thread-properties-panel__section-title"
  ],
  "cssRules": [
    {
      "selector": ".thread-properties-panel__section-title",
      "file": "ui/panels/ThreadPropertiesPanel/ThreadPropertiesPanel.css",
      "declarations": {
        "font-size": "11px",
        "font-weight": "700",
        "letter-spacing": "0.06em",
        "color": "var(--text-tertiary)",
        "text-transform": "uppercase"
      }
    },
    {
      "selector": ".thread-properties-panel__row",
      "file": "ui/panels/ThreadPropertiesPanel/ThreadPropertiesPanel.css",
      "declarations": {
        "display": "flex",
        "justify-content": "space-between",
        "align-items": "center",
        "font-size": "12px",
        "color": "var(--text-secondary)"
      }
    },
    {
      "selector": ".thread-properties-panel__number-input",
      "file": "ui/panels/ThreadPropertiesPanel/ThreadPropertiesPanel.css",
      "declarations": {
        "width": "60px",
        "background": "var(--bg-panel-2)",
        "border": "1px solid var(--border)",
        "border-radius": "6px",
        "color": "var(--text-primary)",
        "padding": "4px 6px"
      }
    },
    {
      "selector": ".thread-properties-panel__box",
      "file": "ui/panels/ThreadPropertiesPanel/ThreadPropertiesPanel.css",
      "declarations": {
        "display": "flex",
        "flex-direction": "column",
        "gap": "8px",
        "border": "1px solid var(--border)",
        "border-radius": "var(--radius-md)",
        "padding": "10px",
        "margin-top": "4px"
      }
    },
    {
      "selector": ".mono",
      "file": "ui/theme.css",
      "declarations": {
        "font-family": "\"JetBrains Mono\", ui-monospace, monospace"
      }
    }
  ],
  "inlineStyleBlocks": []
}