{
  "file": "ui/panels/fields/CheckboxField.tsx",
  "classes": [
    "checkbox-field",
    "is-disabled"
  ],
  "cssRules": [
    {
      "selector": ".checkbox-field",
      "file": "ui/panels/fields/CheckboxField.css",
      "declarations": {
        "display": "flex",
        "align-items": "center",
        "gap": "6px",
        "font-size": "11.5px",
        "color": "var(--text-secondary)"
      }
    },
    {
      "selector": ".is-disabled",
      "file": "ui/theme.css",
      "declarations": {
        "opacity": "0.5"
      }
    }
  ],
  "inlineStyleBlocks": []
}