{
  "file": "ui/panels/landing/LandingHero.tsx",
  "classes": [],
  "cssRules": [],
  "inlineStyleBlocks": [
    "{{ maxWidth: 760, margin: \"56px auto 0\", padding: \"0 24px\", textAlign: \"center\", display: \"flex\", flexDirection: \"column\", gap: 12 }}",
    "{{ margin: 0, fontSize: 32, fontWeight: 800, color: \"var(--text-primary)\" }}",
    "{{ margin: 0, fontSize: 15, color: \"var(--text-secondary)\", lineHeight: 1.5 }}"
  ]
}