{
  "file": "ui/canvas/radialMenu/RadialContextMenu.tsx",
  "classes": [
    "radial-context-menu__backdrop"
  ],
  "cssRules": [
    {
      "selector": ".radial-context-menu__backdrop",
      "file": "ui/canvas/radialMenu/RadialContextMenu.css",
      "declarations": {
        "position": "absolute",
        "inset": "0",
        "z-index": "1"
      }
    }
  ],
  "inlineStyleBlocks": [
    "{MENU_STYLE}"
  ]
}